IMMEDIATE_INNER_TEXT: ""
POLLED_INNER_TEXT: "机器人收到 查订单 via web for Hify/zh-CN"
FINAL_LOADING_COUNT: 0
FINAL_ASSISTANT_COUNT: 1
BUBBLE_CLASSES: ["message-bubble assistant"]
BUBBLE_INNERHTML: ["<span data-v-7f1d921a=\"\">机器人收到 查订单 via web for Hify/zh-CN <!--v-if--></span>"]
RESPONSES: [
  {
    "method": "POST",
    "url": "http://localhost:5173/api/v1/chatflows",
    "status": 200,
    "body": "{\"code\":200,\"message\":\"success\",\"data\":{\"id\":7087,\"name\":\"Chatflow Probe 1782460982693\",\"description\":\"通过画布创建的 Chatflow\",\"flowType\":\"CHATFLOW\",\"status\":\"DRAFT\",\"createdAt\":\"2026-06-26T16:03:04\",\"updatedAt\":\"2026-06-26T16:03:04\",\"nodes\":[{\"nodeKey\":\"start\",\"type\":\"START\",\"name\":\"开始\",\"config\":{\"ui\":{\"position\":{\"x\":120,\"y\":96}},\"openingText\":\"你好，我可以帮你处理订单、售后和产品咨询。\",\"userVariables\":[],\"guideQuestions\":[\"查订单进度\",\"申请退款\",\"咨询发票\"],\"outputVariables\":[\"sys.query\",\"sys.conversation_id\",\"sys.user_id\",\"sys.channel\",\"sys.channel_id\"],\"conversationVariables\":[],\"historyRetentionRounds\":3}},{\"nodeKey\":\"end\",\"type\":\"END\",\"name\":\"结束\",\"config\":{\"ui\":{\"position\":{\"x\":780,\"y\":280}},\"output\":\"机器人收到 {{sys.query}} via {{sys.channel}} for {{global.brand}}/{{global.locale}}\",\"outputVariable\":\"output\"}}],\"edges\":[{\"sourceNodeKey\":\"start\",\"targetNodeKey\":\"end\",\"condition\":null}]}}"
  },
  {
    "method": "POST",
    "url": "http://localhost:5173/api/v1/chatflows/7087/runs-v2",
    "status": 200,
    "body": "{\"code\":200,\"message\":\"success\",\"data\":{\"runId\":6135,\"ownerType\":\"CHATFLOW\",\"ownerId\":7087,\"sessionId\":\"chatflow-v2-6135\",\"status\":\"RUNNING\",\"statusRef\":\"/api/v1/runtime-runs/6135\",\"eventStreamRef\":\"/api/v1/runtime-runs/6135/events/stream?afterSequence=0\",\"eventsRef\":\"/api/v1/runtime-runs/6135/events\",\"nodesRef\":\"/api/v1/runtime-runs/6135/nodes\",\"resultRef\":\"/api/v1/runtime-runs/6135/result\",\"transport\":{\"decision\":\"sse\",\"webSocket\":\"deferred_until_bidirectional_control\",\"redisPubsub\":\"deferred_until_multi_process_fanout\",\"redisStreams\":\"not_configured\"},\"chatflowId\":7087,\"idempotentReplay\":false,\"runtimeVersion\":2,\"runtimeRefs\":{\"runId\":6135,\"statusRef\":\"/api/v1/runtime-runs/6135\",\"eventsRef\":\"/api/v1/runtime-runs/6135/events\",\"eventStreamRef\":\"/api/v1/runtime-runs/6135/events/stream?afterSequence=0\",\"nodesRef\":\"/api/v1/runtime-runs/6135/nodes\",\"resultRef\":\"/api/v1/runtime-runs/6135/result\"},\"result\":null,\"events\":{\"list\":[],\"total\":0}}}"
  },
  {
    "method": "GET",
    "url": "http://localhost:5173/api/v1/chatflows/7087",
    "status": 200,
    "body": "{\"code\":200,\"message\":\"success\",\"data\":{\"id\":7087,\"name\":\"Chatflow Probe 1782460982693\",\"description\":\"通过画布创建的 Chatflow\",\"flowType\":\"CHATFLOW\",\"status\":\"DRAFT\",\"createdAt\":\"2026-06-26T16:03:04\",\"updatedAt\":\"2026-06-26T16:03:04\",\"nodes\":[{\"nodeKey\":\"start\",\"type\":\"START\",\"name\":\"开始\",\"config\":{\"ui\":{\"position\":{\"x\":120,\"y\":96}},\"openingText\":\"你好，我可以帮你处理订单、售后和产品咨询。\",\"userVariables\":[],\"guideQuestions\":[\"查订单进度\",\"申请退款\",\"咨询发票\"],\"outputVariables\":[\"sys.query\",\"sys.conversation_id\",\"sys.user_id\",\"sys.channel\",\"sys.channel_id\"],\"conversationVariables\":[],\"historyRetentionRounds\":3}},{\"nodeKey\":\"end\",\"type\":\"END\",\"name\":\"结束\",\"config\":{\"ui\":{\"position\":{\"x\":780,\"y\":280}},\"output\":\"机器人收到 {{sys.query}} via {{sys.channel}} for {{global.brand}}/{{global.locale}}\",\"outputVariable\":\"output\"}}],\"edges\":[{\"sourceNodeKey\":\"start\",\"targetNodeKey\":\"end\",\"condition\":null}]}}"
  },
  {
    "method": "GET",
    "url": "http://localhost:5173/api/v1/runtime-runs/6135/events/stream?afterSequence=0",
    "status": 200,
    "ct": "text/event-stream; charset=utf-8"
  },
  {
    "method": "GET",
    "url": "http://localhost:5173/api/v1/runtime-runs/6135",
    "status": 200,
    "body": "{\"code\":200,\"message\":\"success\",\"data\":{\"runId\":6135,\"ownerType\":\"CHATFLOW\",\"ownerId\":7087,\"status\":\"RUNNING\",\"result\":{},\"output\":{},\"error\":\"\",\"latencyMs\":0,\"usage\":{\"inputTokens\":0,\"outputTokens\":0,\"totalTokens\":0,\"estimated\":false},\"retryable\":false,\"events\":[{\"sequence\":1,\"type\":\"workflow_run_started\",\"status\":\"\",\"createdAt\":\"2026-06-26T16:03:04\"},{\"sequence\":2,\"type\":\"user_message\",\"status\":\"\",\"createdAt\":\"2026-06-26T16:03:04\"}],\"checkpoint\":null,\"statusRef\":\"/api/v1/runtime-runs/6135\",\"eventsRef\":\"/api/v1/runtime-runs/6135/events\",\"eventStreamRef\":\"/api/v1/runtime-runs/6135/events/stream?afterSequence=0\",\"resultRef\":\"/api/v1/runtime-runs/6135/result\",\"chatflowId\":7087}}"
  },
  {
    "method": "GET",
    "url": "http://localhost:5173/api/v1/runtime-runs/6135/nodes",
    "status": 200,
    "body": "{\"code\":200,\"message\":\"success\",\"data\":{\"list\":[],\"total\":0}}"
  },
  {
    "method": "GET",
    "url": "http://localhost:5173/api/v1/runtime-runs/6135/events?afterSequence=0",
    "status": 200,
    "body": "{\"code\":200,\"message\":\"success\",\"data\":{\"list\":[{\"id\":33207,\"runId\":6135,\"sequence\":1,\"type\":\"workflow_run_started\",\"level\":\"L1\",\"source\":\"chatflow_runtime_v2\",\"actor\":\"system\",\"nodeId\":\"\",\"checkpointId\":null,\"spanId\":null,\"parentSpanId\":null,\"payload\":{\"actor\":\"system\",\"input\":{\"sys\":{\"now\":\"2026-06-26T08:03:04.190Z\",\"files\":[],\"query\":\"查订单\",\"round\":1,\"channel\":\"web\",\"user_id\":\"user-e2e\",\"channel_id\":\"web-preview\",\"message_id\":\"msg-1782460984191\",\"conversation_id\":\"conv-e2e\",\"conversation_name\":\"conv-e2e\",\"history_retention_rounds\":3},\"user\":{\"name\":\"user-e2e\",\"vip_level\":\"standard\"},\"input\":{\"payload\":\"查订单\",\"trace_id\":\"msg-1782460984191\"},\"global\":{\"brand\":\"Hify\",\"locale\":\"zh-CN\"},\"channel\":{\"id\":\"web-preview\",\"name\":\"web\",\"source\":\"web\"},\"sys.now\":\"2026-06-26T08:03:04.190Z\",\"sys.files\":[],\"sys.query\":\"查订单\",\"sys.round\":1,\"user.name\":\"user-e2e\",\"USER_INPUT\":\"查订单\",\"sys.channel\":\"web\",\"sys.user_id\":\"user-e2e\",\"userMessage\":\"查订单\",\"channel.name\":\"web\",\"conversation\":{\"topic\":\"conv-e2e\",\"last_message\":\"查订单\"},\"global.brand\":\"Hify\",\"global.locale\":\"zh-CN\",\"input.payload\":\"查订单\",\"channel.source\":\"web\",\"input.trace_id\":\"msg-1782460984191\",\"sys.channel_id\":\"web-preview\",\"sys.message_id\":\"msg-1782460984191\",\"user.vip_level\":\"standard\",\"conversation.topic\":\"conv-e2e\",\"sys.conversation_id\":\"conv-e2e\",\"sys.conversation_name\":\"conv-e2e\",\"historyRetentionRounds\":3,\"conversation.last_message\":\"查订单\",\"sys.history_retention_rounds\":3},\"level\":\"L1\",\"runId\":6135,\"source\":\"chatflow_runtime_v2\",\"ownerId\":7087,\"nodesRef\":\"/api/v1/runtime-runs/6135/nodes\",\"eventsRef\":\"/api/v1/runtime-runs/6135/events\",\"ownerType\":\"CHATFLOW\",\"resultRef\":\"/api/v1/runtime-runs/6135/result\",\"statusRef\":\"/api/v1/runtime-runs/6135\",\"chatflowId\":7087,\"callerContext\":{},\"schemaVersion\":\"runtime.v2.event/1\",\"eventStreamRef\":\"/api/v1/runtime-runs/6135/events/stream?afterSequence=0\",\"idempotencyKey\":\"canvas-debug-chatflow-7087-1782460984192\",\"definitionSource\":\"draft\"},\"createdAt\":\"2026-06-26T16:03:04\",\"observability\":{\"sourceKind\":\"chatflow\",\"eventMode\":\"live\",\"nodeState\":\"\",\"correlationRefs\":{\"runtimeRunId\":6135,\"sourceEventId\":33207,\"sourceSequence\":1,\"nodeRunId\":null,\"nodeKey\":\"\"}}},{\"id\":33208,\"runId\":6135,\"sequence\":2,\"type\":\"user_message\",\"level\":\"L1\",\"source\":\"chatflow_runtime_v2\",\"actor\":\"system\",\"nodeId\":\"\",\"checkpointId\":null,\"spanId\":null,\"parentSpanId\":null,\"payload\":{\"role\":\"user\",\"actor\":\"system\",\"level\":\"L1\",\"source\":\"chatflow_runtime_v2\",\"content\":\"查订单\",\"metadata\":{},\"callerContext\":{},\"schemaVersion\":\"runtime.v2.event/1\",\"definitionSource\":\"draft\"},\"createdAt\":\"2026-06-26T16:03:04\",\"observability\":{\"sourceKind\":\"chatflow\",\"eventMode\":\"live\",\"nodeState\":\"\",\"correlationRefs\":{\"runtimeRunId\":6135,\"sourceEventId\":33208,\"sourceSequence\":2,\"nodeRunId\":null,\"nodeKey\":\"\"}}}],\"total\":2}}"
  },
  {
    "method": "GET",
    "url": "http://localhost:5173/api/v1/runtime-runs/6135/nodes",
    "status": 200,
    "body": "{\"code\":200,\"message\":\"success\",\"data\":{\"list\":[],\"total\":0}}"
  },
  {
    "method": "GET",
    "url": "http://localhost:5173/api/v1/runtime-runs/6135/events?afterSequence=2",
    "status": 200,
    "body": "{\"code\":200,\"message\":\"success\",\"data\":{\"list\":[],\"total\":0}}"
  },
  {
    "method": "GET",
    "url": "http://localhost:5173/api/v1/runtime-runs/6135",
    "status": 200,
    "body": "{\"code\":200,\"message\":\"success\",\"data\":{\"runId\":6135,\"ownerType\":\"CHATFLOW\",\"ownerId\":7087,\"status\":\"RUNNING\",\"result\":{},\"output\":{},\"error\":\"\",\"latencyMs\":0,\"usage\":{\"inputTokens\":0,\"outputTokens\":0,\"totalTokens\":0,\"estimated\":false},\"retryable\":false,\"events\":[{\"sequence\":1,\"type\":\"workflow_run_started\",\"status\":\"\",\"createdAt\":\"2026-06-26T16:03:04\"},{\"sequence\":2,\"type\":\"user_message\",\"status\":\"\",\"createdAt\":\"2026-06-26T16:03:04\"}],\"checkpoint\":null,\"statusRef\":\"/api/v1/runtime-runs/6135\",\"eventsRef\":\"/api/v1/runtime-runs/6135/events\",\"eventStreamRef\":\"/api/v1/runtime-runs/6135/events/stream?afterSequence=0\",\"resultRef\":\"/api/v1/runtime-runs/6135/result\",\"chatflowId\":7087}}"
  },
  {
    "method": "GET",
    "url": "http://localhost:5173/api/v1/runtime-runs/6135/events?afterSequence=2",
    "status": 200,
    "body": "{\"code\":200,\"message\":\"success\",\"data\":{\"list\":[{\"id\":33209,\"runId\":6135,\"sequence\":3,\"type\":\"workflow_node_started\",\"level\":\"L1\",\"source\":\"chatflow_runtime_v2\",\"actor\":\"system\",\"nodeId\":\"end\",\"checkpointId\":null,\"spanId\":null,\"parentSpanId\":null,\"payload\":{\"actor\":\"system\",\"level\":\"L1\",\"source\":\"chatflow_runtime_v2\",\"nodeType\":\"END\",\"nodeRunId\":17417,\"callerContext\":{},\"schemaVersion\":\"runtime.v2.event/1\",\"definitionSource\":\"draft\"},\"createdAt\":\"2026-06-26T16:03:05\",\"observability\":{\"sourceKind\":\"chatflow\",\"eventMode\":\"live\",\"nodeState\":\"RUNNING\",\"correlationRefs\":{\"runtimeRunId\":6135,\"sourceEventId\":33209,\"sourceSequence\":3,\"nodeRunId\":17417,\"nodeKey\":\"end\"}}},{\"id\":33210,\"runId\":6135,\"sequence\":4,\"type\":\"node_status_changed\",\"level\":\"L1\",\"source\":\"chatflow_runtime_v2\",\"actor\":\"system\",\"nodeId\":\"end\",\"checkpointId\":null,\"spanId\":null,\"parentSpanId\":null,\"payload\":{\"actor\":\"system\",\"level\":\"L1\",\"source\":\"chatflow_runtime_v2\",\"status\":\"RUNNING\",\"nodeType\":\"END\",\"nodeRunId\":17417,\"callerContext\":{},\"schemaVersion\":\"runtime.v2.event/1\",\"definitionSource\":\"draft\"},\"createdAt\":\"2026-06-26T16:03:05\",\"observability\":{\"sourceKind\":\"chatflow\",\"eventMode\":\"live\",\"nodeState\":\"RUNNING\",\"correlationRefs\":{\"runtimeRunId\":6135,\"sourceEventId\":33210,\"sourceSequence\":4,\"nodeRunId\":17417,\"nodeKey\":\"end\"}}},{\"id\":33211,\"runId\":6135,\"sequence\":5,\"type\":\"workflow_node_completed\",\"level\":\"L1\",\"source\":\"chatflow_runtime_v2\",\"actor\":\"system\",\"nodeId\":\"end\",\"checkpointId\":null,\"spanId\":null,\"parentSpanId\":null,\"payload\":{\"actor\":\"system\",\"level\":\"L1\",\"output\":{\"output\":\"机器人收到 查订单 via web for Hify/zh-CN\"},\"source\":\"chatflow_runtime_v2\",\"nodeType\":\"END\",\"nodeRunId\":17417,\"callerContext\":{},\"schemaVersion\":\"runtime.v2.event/1\",\"definitionSource\":\"draft\"},\"createdAt\":\"2026-06-26T16:03:05\",\"observability\":{\"sourceKind\":\"chatflow\",\"eventMode\":\"live\",\"nodeState\":\"COMPLETED\",\"correlationRefs\":{\"runtimeRunId\":6135,\"sourceEventId\":33211,\"sourceSequence\":5,\"nodeRunId\":17417,\"nodeKey\":\"end\"}}},{\"id\":33212,\"runId\":6135,\"sequence\":6,\"type\":\"node_status_changed\",\"level\":\"L1\",\"source\":\"chatflow_runtime_v2\",\"actor\":\"system\",\"nodeId\":\"end\",\"checkpointId\":null,\"spanId\":null,\"parentSpanId\":null,\"payload\":{\"actor\":\"system\",\"level\":\"L1\",\"source\":\"chatflow_runtime_v2\",\"status\":\"COMPLETED\",\"nodeType\":\"END\",\"nodeRunId\":17417,\"callerContext\":{},\"schemaVersion\":\"runtime.v2.event/1\",\"definitionSource\":\"draft\"},\"createdAt\":\"2026-06-26T16:03:05\",\"observability\":{\"sourceKind\":\"chatflow\",\"eventMode\":\"live\",\"nodeState\":\"COMPLETED\",\"correlationRefs\":{\"runtimeRunId\":6135,\"sourceEventId\":33212,\"sourceSequence\":6,\"nodeRunId\":17417,\"nodeKey\":\"end\"}}},{\"id\":33213,\"runId\":6135,\"sequence\":7,\"type\":\"workflow_run_completed\",\"level\":\"L1\",\"source\":\"chatflow_runtime_v2\",\"actor\":\"system\",\"nodeId\":\"\",\"checkpointId\":null,\"spanId\":null,\"parentSpanId\":null,\"payload\":{\"actor\":\"system\",\"level\":\"L1\",\"output\":{\"output\":\"机器人收到 查订单 via web for Hify/zh-CN\"},\"source\":\"chatflow_runtime_v2\",\"callerContext\":{},\"schemaVersion\":\"runtime.v2.event/1\",\"definitionSource\":\"draft\"},\"createdAt\":\"2026-06-26T16:03:05\",\"observability\":{\"sourceKind\":\"chatflow\",\"eventMode\":\"live\",\"nodeState\":\"\",\"correlationRefs\":{\"runtimeRunId\":6135,\"sourceEventId\":33213,\"sourceSequence\":7,\"nodeRunId\":null,\"nodeKey\":\"\"}}},{\"id\":33214,\"runId\":6135,\"sequence\":8,\"type\":\"assistant_message\",\"level\":\"L1\",\"source\":\"chatflow_runtime_v2\",\"actor\":\"system\",\"nodeId\":\"\",\"checkpointId\":null,\"spanId\":null,\"parentSpanId\":null,\"payload\":{\"role\":\"assistant\",\"actor\":\"system\",\"level\":\"L1\",\"output\":{\"output\":\"机器人收到 查订单 via web for Hify/zh-CN\"},\"source\":\"chatflow_runtime_v2\",\"content\":\"机器人收到 查订单 via web for Hify/zh-CN\",\"callerContext\":{},\"schemaVersion\":\"runtime.v2.event/1\",\"definitionSource\":\"draft\"},\"createdAt\":\"2026-06-26T16:03:05\",\"observability\":{\"sourceKind\":\"chatflow\",\"eventMode\":\"live\",\"nodeState\":\"\",\"correlationRefs\":{\"runtimeRunId\":6135,\"sourceEventId\":33214,\"sourceSequence\":8,\"nodeRunId\":null,\"nodeKey\":\"\"}}}],\"total\":6}}"
  },
  {
    "method": "GET",
    "url": "http://localhost:5173/api/v1/runtime-runs/6135/nodes",
    "status": 200,
    "body": "{\"code\":200,\"message\":\"success\",\"data\":{\"list\":[{\"id\":17417,\"runId\":6135,\"nodeKey\":\"end\",\"nodeType\":\"END\",\"status\":\"COMPLETED\",\"inputs\":{\"sys\":{\"now\":\"2026-06-26T08:03:04.190Z\",\"files\":[],\"query\":\"查订单\",\"round\":1,\"channel\":\"web\",\"user_id\":\"user-e2e\",\"channel_id\":\"web-preview\",\"message_id\":\"msg-1782460984191\",\"conversation_id\":\"conv-e2e\",\"conversation_name\":\"conv-e2e\",\"history_retention_rounds\":3},\"user\":{\"name\":\"user-e2e\",\"vip_level\":\"standard\"},\"input\":{\"payload\":\"查订单\",\"trace_id\":\"msg-1782460984191\"},\"global\":{\"brand\":\"Hify\",\"locale\":\"zh-CN\"},\"channel\":{\"id\":\"web-preview\",\"name\":\"web\",\"source\":\"web\"},\"sys.now\":\"2026-06-26T08:03:04.190Z\",\"sys.files\":[],\"sys.query\":\"查订单\",\"sys.round\":1,\"user.name\":\"user-e2e\",\"USER_INPUT\":\"查订单\",\"sys.channel\":\"web\",\"sys.user_id\":\"user-e2e\",\"userMessage\":\"查订单\",\"channel.name\":\"web\",\"conversation\":{\"topic\":\"conv-e2e\",\"last_message\":\"查订单\"},\"global.brand\":\"Hify\",\"global.locale\":\"zh-CN\",\"input.payload\":\"查订单\",\"channel.source\":\"web\",\"input.trace_id\":\"msg-1782460984191\",\"sys.channel_id\":\"web-preview\",\"sys.message_id\":\"msg-1782460984191\",\"user.vip_level\":\"standard\",\"conversation.topic\":\"conv-e2e\",\"sys.conversation_id\":\"conv-e2e\",\"sys.conversation_name\":\"conv-e2e\",\"historyRetentionRounds\":3,\"conversation.last_message\":\"查订单\",\"sys.history_retention_rounds\":3},\"outputs\":{\"output\":\"机器人收到 查订单 via web for Hify/zh-CN\"},\"error\":\"\",\"eventsRef\":\"/api/v1/runtime-runs/6135/events\",\"createdAt\":\"2026-06-26T16:03:05\",\"finishedAt\":\"2026-06-26T16:03:05\",\"observability\":{\"sourceKind\":\"runtime\",\"eventMode\":\"durable_replay\",\"nodeState\":\"COMPLETED\",\"correlationRefs\":{\"runtimeRunId\":6135,\"nodeRunId\":17417,\"nodeKey\":\"end\"}}}],\"total\":1}}"
  },
  {
    "method": "GET",
    "url": "http://localhost:5173/api/v1/runtime-runs/6135",
    "status": 200,
    "body": "{\"code\":200,\"message\":\"success\",\"data\":{\"runId\":6135,\"ownerType\":\"CHATFLOW\",\"ownerId\":7087,\"status\":\"SUCCEEDED\",\"result\":{\"output\":\"机器人收到 查订单 via web for Hify/zh-CN\"},\"output\":{\"output\":\"机器人收到 查订单 via web for Hify/zh-CN\"},\"error\":\"\",\"latencyMs\":0,\"usage\":{\"inputTokens\":0,\"outputTokens\":0,\"totalTokens\":0,\"estimated\":false},\"retryable\":false,\"events\":[{\"sequence\":1,\"type\":\"workflow_run_started\",\"status\":\"\",\"createdAt\":\"2026-06-26T16:03:04\"},{\"sequence\":2,\"type\":\"user_message\",\"status\":\"\",\"createdAt\":\"2026-06-26T16:03:04\"},{\"sequence\":3,\"type\":\"workflow_node_started\",\"status\":\"RUNNING\",\"createdAt\":\"2026-06-26T16:03:05\"},{\"sequence\":4,\"type\":\"node_status_changed\",\"status\":\"RUNNING\",\"createdAt\":\"2026-06-26T16:03:05\"},{\"sequence\":5,\"type\":\"workflow_node_completed\",\"status\":\"COMPLETED\",\"createdAt\":\"2026-06-26T16:03:05\"},{\"sequence\":6,\"type\":\"node_status_changed\",\"status\":\"COMPLETED\",\"createdAt\":\"2026-06-26T16:03:05\"},{\"sequence\":7,\"type\":\"workflow_run_completed\",\"status\":\"\",\"createdAt\":\"2026-06-26T16:03:05\"},{\"sequence\":8,\"type\":\"assistant_message\",\"status\":\"\",\"createdAt\":\"2026-06-26T16:03:05\"}],\"checkpoint\":null,\"statusRef\":\"/api/v1/runtime-runs/6135\",\"eventsRef\":\"/api/v1/runtime-runs/6135/events\",\"eventStreamRef\":\"/api/v1/runtime-runs/6135/events/stream?afterSequence=0\",\"resultRef\":\"/api/v1/runtime-runs/6135/result\",\"chatflowId\":7087}}"
  }
]
